I'm sorry, but errors were detected in your script. Please correct the
errors listed below, and try again.


File "game/code/script.rpy", line 1035: expected statement.
    "I can't. I should really study for this upcoming exam":
                                                           ^

Ren'Py Version: Ren'Py 8.0.3.22090809
Sun Dec  4 15:01:33 2022
